renders the default values (golden):
  1: |
    apiVersion: kagent.dev/v1alpha3
    kind: AgentTemplate
    metadata:
      labels:
        agent-platform.giantswarm.io/harness: kagent
        app: agent
        app.kubernetes.io/instance: demo
        app.kubernetes.io/managed-by: Helm
        app.kubernetes.io/name: agent
        app.kubernetes.io/version: 0.0.0-dev
        application.giantswarm.io/team: bumblebee
        helm.sh/chart: agent-0.0.0-dev
      name: demo
      namespace: demo-ns
    spec:
      modelConfig:
        name: default-model-config
      systemPrompt: You are a helpful agent.
      tools:
        - mcp:
            server:
              kind: RemoteMCPServer
              name: demo
